
> backpackflow@2.0.0 test
> jest

